> Task :tandem-benchmark:processResources UP-TO-DATE
> Task :tandem-jdbc:processResources UP-TO-DATE
> Task :tandem-core:compileJava UP-TO-DATE
> Task :tandem-jdbc:compileJava UP-TO-DATE
> Task :tandem-kafka:compileJava UP-TO-DATE
> Task :tandem-micrometer:compileJava UP-TO-DATE
> Task :tandem-tracing-otel:compileJava UP-TO-DATE
> Task :tandem-core:processResources NO-SOURCE
> Task :tandem-core:classes UP-TO-DATE
> Task :tandem-test:compileJava UP-TO-DATE
> Task :tandem-core:jar UP-TO-DATE
> Task :tandem-jdbc:classes UP-TO-DATE
> Task :tandem-jdbc:jar UP-TO-DATE
> Task :tandem-kafka:processResources NO-SOURCE
> Task :tandem-kafka:classes UP-TO-DATE
> Task :tandem-kafka:jar UP-TO-DATE
> Task :tandem-micrometer:processResources NO-SOURCE
> Task :tandem-micrometer:classes UP-TO-DATE
> Task :tandem-micrometer:jar UP-TO-DATE
> Task :tandem-test:processResources NO-SOURCE
> Task :tandem-test:classes UP-TO-DATE
> Task :tandem-benchmark:compileJava UP-TO-DATE
> Task :tandem-benchmark:classes UP-TO-DATE
> Task :tandem-test:jar UP-TO-DATE
> Task :tandem-tracing-otel:processResources NO-SOURCE
> Task :tandem-tracing-otel:classes UP-TO-DATE
> Task :tandem-tracing-otel:jar UP-TO-DATE

> Task :tandem-benchmark:loadTest
Tandem load test — scenarios=[S1], smoke=false, demo=false, duration=PT4M, workers=8, pollInterval=PT0.1S, pollFloor=PT0.01S, wakeup=PG_NOTIFY
--- Running S1 ---
15:07:07 INFO    com.codingful.tandem.jdbc.WorkerPool - Starting relay instanceId:tandem-host-5653-c48f, workers:8, coordination:SINGLE, bucketCount:256, batchSize:100, pollIntervalMs:100, pollIntervalFloorMs:10, pollBackoffFactor:2.0, wakeup:PgNotifyWakeup, maxAttempts:10, rowLeaseMs:60000
15:07:07 INFO    com.codingful.tandem.jdbc.PgNotifyWakeup - Listening for relay wakeups channel:tandem_wakeup
  ramp 15:08:07  held  rate:100.0/s bracket:[100.0, unbounded] next:200.0/s pending:0
  ramp 15:09:07  held  rate:200.0/s bracket:[200.0, unbounded] next:400.0/s pending:2
  ramp 15:10:07  held  rate:400.0/s bracket:[400.0, unbounded] next:800.0/s pending:2
15:10:56 INFO    com.codingful.tandem.jdbc.RelayWorker - Relay worker progress workerId:tandem-relay-tandem-host-5653-c48f-w4, processed:10000, ok:10000, ko:0
15:10:58 INFO    com.codingful.tandem.jdbc.RelayWorker - Relay worker progress workerId:tandem-relay-tandem-host-5653-c48f-w6, processed:10000, ok:10000, ko:0
15:10:58 INFO    com.codingful.tandem.jdbc.RelayWorker - Relay worker progress workerId:tandem-relay-tandem-host-5653-c48f-w5, processed:10000, ok:10000, ko:0
15:10:58 INFO    com.codingful.tandem.jdbc.RelayWorker - Relay worker progress workerId:tandem-relay-tandem-host-5653-c48f-w2, processed:10000, ok:10000, ko:0
15:10:59 INFO    com.codingful.tandem.jdbc.RelayWorker - Relay worker progress workerId:tandem-relay-tandem-host-5653-c48f-w7, processed:10000, ok:10000, ko:0
15:11:00 INFO    com.codingful.tandem.jdbc.RelayWorker - Relay worker progress workerId:tandem-relay-tandem-host-5653-c48f-w0, processed:10000, ok:10000, ko:0
15:11:01 INFO    com.codingful.tandem.jdbc.RelayWorker - Relay worker progress workerId:tandem-relay-tandem-host-5653-c48f-w1, processed:10000, ok:10000, ko:0
15:11:02 INFO    com.codingful.tandem.jdbc.RelayWorker - Relay worker progress workerId:tandem-relay-tandem-host-5653-c48f-w3, processed:10000, ok:10000, ko:0
/s bracket:[800.0, unbounded] next:1600.0/s pending:53
  ramp 15:12:08  grew  rate:1600.0/s bracket:[800.0, 1600.0] next:1200.0/s pending:167
15:12:38 INFO    com.codingful.tandem.jdbc.RelayWorker - Relay worker progress workerId:tandem-relay-tandem-host-5653-c48f-w4, processed:20000, ok:20000, ko:0
15:12:42 INFO    com.codingful.tandem.jdbc.RelayWorker - Relay worker progress workerId:tandem-relay-tandem-host-5653-c48f-w7, processed:20000, ok:20000, ko:0
15:12:42 INFO    com.codingful.tandem.jdbc.RelayWorker - Relay worker progress workerId:tandem-relay-tandem-host-5653-c48f-w2, processed:20000, ok:20000, ko:0
15:12:42 INFO    com.codingful.tandem.jdbc.RelayWorker - Relay worker progress workerId:tandem-relay-tandem-host-5653-c48f-w5, processed:20000, ok:20000, ko:0
15:12:43 INFO    com.codingful.tandem.jdbc.RelayWorker - Relay worker progress workerId:tandem-relay-tandem-host-5653-c48f-w6, processed:20000, ok:20000, ko:0
15:12:44 INFO    com.codingful.tandem.jdbc.RelayWorker - Relay worker progress workerId:tandem-relay-tandem-host-5653-c48f-w1, processed:20000, ok:20000, ko:0
15:12:46 INFO    com.codingful.tandem.jdbc.RelayWorker - Relay worker progress workerId:tandem-relay-tandem-host-5653-c48f-w0, processed:20000, ok:20000, ko:0
15:12:47 INFO    com.codingful.tandem.jdbc.RelayWorker - Relay worker progress workerId:tandem-relay-tandem-host-5653-c48f-w3, processed:20000, ok:20000, ko:0
  ramp 15:13:08  held  rate:1200.0/s bracket:[1200.0, 1600.0] next:1400.0/s pending:31
  ramp 15:13:53  grew  rate:1400.0/s bracket:[1200.0, 1400.0] next:1300.0/s pending:146
15:14:17 INFO    com.codingful.tandem.jdbc.RelayWorker - Relay worker progress workerId:tandem-relay-tandem-host-5653-c48f-w4, processed:30000, ok:30000, ko:0
15:14:19 INFO    com.codingful.tandem.jdbc.RelayWorker - Relay worker progress workerId:tandem-relay-tandem-host-5653-c48f-w5, processed:30000, ok:30000, ko:0
15:14:21 INFO    com.codingful.tandem.jdbc.RelayWorker - Relay worker progress workerId:tandem-relay-tandem-host-5653-c48f-w2, processed:30000, ok:30000, ko:0
15:14:22 INFO    com.codingful.tandem.jdbc.RelayWorker - Relay worker progress workerId:tandem-relay-tandem-host-5653-c48f-w7, processed:30000, ok:30000, ko:0
15:14:22 INFO    com.codingful.tandem.jdbc.RelayWorker - Relay worker progress workerId:tandem-relay-tandem-host-5653-c48f-w6, processed:30000, ok:30000, ko:0
15:14:23 INFO    com.codingful.tandem.jdbc.RelayWorker - Relay worker progress workerId:tandem-relay-tandem-host-5653-c48f-w1, processed:30000, ok:30000, ko:0
15:14:25 INFO    com.codingful.tandem.jdbc.RelayWorker - Relay worker progress workerId:tandem-relay-tandem-host-5653-c48f-w3, processed:30000, ok:30000, ko:0
15:14:29 INFO    com.codingful.tandem.jdbc.RelayWorker - Relay worker progress workerId:tandem-relay-tandem-host-5653-c48f-w0, processed:30000, ok:30000, ko:0
  ramp 15:14:54  held  rate:1300.0/s bracket:[1300.0, 1400.0] next:1350.0/s pending:41
15:15:11 INFO    com.codingful.tandem.jdbc.WorkerPool - Relay stopped instanceId:tandem-host-5653-c48f
PASS S1: sustained 1300.0 events/s aggregate (162.5/s per worker); ceiling bracketed below 1400.0/s, so known to within 7%; ordering violations=0, missing=0
All scenarios passed correctness.

BUILD SUCCESSFUL in 8m 21s
16 actionable tasks: 1 executed, 15 up-to-date
Consider enabling configuration cache to speed up this build: https://docs.gradle.org/9.5.1/userguide/configuration_cache_enabling.html
