> Task :tandem-tracing-otel:processResources NO-SOURCE
> Task :tandem-kafka:processResources NO-SOURCE
> Task :tandem-micrometer:processResources NO-SOURCE
> Task :tandem-test:processResources NO-SOURCE
> Task :tandem-benchmark:processResources UP-TO-DATE
> Task :tandem-jdbc:processResources UP-TO-DATE
> Task :tandem-core:compileJava UP-TO-DATE
> Task :tandem-core:processResources NO-SOURCE
> Task :tandem-core:classes UP-TO-DATE
> Task :tandem-core:jar UP-TO-DATE
> Task :tandem-jdbc:compileJava UP-TO-DATE
> Task :tandem-jdbc:classes UP-TO-DATE
> Task :tandem-jdbc:jar UP-TO-DATE
> Task :tandem-micrometer:compileJava UP-TO-DATE
> Task :tandem-micrometer:classes UP-TO-DATE
> Task :tandem-tracing-otel:compileJava UP-TO-DATE
> Task :tandem-micrometer:jar UP-TO-DATE
> Task :tandem-tracing-otel:classes UP-TO-DATE
> Task :tandem-kafka:compileJava UP-TO-DATE
> Task :tandem-kafka:classes UP-TO-DATE
> Task :tandem-tracing-otel:jar UP-TO-DATE
> Task :tandem-kafka:jar UP-TO-DATE
> Task :tandem-test:compileJava UP-TO-DATE
> Task :tandem-test:classes UP-TO-DATE
> Task :tandem-test:jar UP-TO-DATE
> Task :tandem-benchmark:compileJava UP-TO-DATE
> Task :tandem-benchmark:classes UP-TO-DATE

> Task :tandem-benchmark:loadTest
Tandem load test — scenarios=[S10], smoke=false, demo=false, duration=PT10M, workers=8, pollInterval=PT0.1S, pollFloor=PT0.01S, wakeup=NONE
--- Running S10 ---
S10: 2.0 events/s for PT2M30S per window, four windows in the order [NONE, PG_NOTIFY, PG_NOTIFY, NONE]; pollInterval=PT0.1S, pollFloor=PT0.01S, workers=8
16:01:44 INFO    com.codingful.tandem.jdbc.WorkerPool - Starting relay instanceId:tandem-host-47307-f3db, workers:8, coordination:SINGLE, bucketCount:256, batchSize:100, pollIntervalMs:100, pollIntervalFloorMs:10, pollBackoffFactor:2.0, wakeup:none, maxAttempts:10, rowLeaseMs:60000
S10: window 1 (poll): commit→ack p50=PT0.068026367S p95=PT0.116129791S p99=PT0.126746623S, write p50=PT0.004128767S p99=PT0.006152191S, events=302, violations=0, missing=0
16:04:18 INFO    com.codingful.tandem.jdbc.WorkerPool - Relay stopped instanceId:tandem-host-47307-f3db
16:04:18 INFO    com.codingful.tandem.jdbc.WorkerPool - Starting relay instanceId:tandem-host-47307-4169, workers:8, coordination:SINGLE, bucketCount:256, batchSize:100, pollIntervalMs:100, pollIntervalFloorMs:10, pollBackoffFactor:2.0, wakeup:PgNotifyWakeup, maxAttempts:10, rowLeaseMs:60000
16:04:18 INFO    com.codingful.tandem.jdbc.PgNotifyWakeup - Listening for relay wakeups channel:tandem_wakeup
S10: window 2 (wakeup): commit→ack p50=PT0.008196095S p95=PT0.010264575S p99=PT0.011231231S, write p50=PT0.004644863S p99=PT0.006860799S, events=301, violations=0, missing=0
16:06:52 INFO    com.codingful.tandem.jdbc.WorkerPool - Relay stopped instanceId:tandem-host-47307-4169
16:06:52 INFO    com.codingful.tandem.jdbc.WorkerPool - Starting relay instanceId:tandem-host-47307-c2d8, workers:8, coordination:SINGLE, bucketCount:256, batchSize:100, pollIntervalMs:100, pollIntervalFloorMs:10, pollBackoffFactor:2.0, wakeup:PgNotifyWakeup, maxAttempts:10, rowLeaseMs:60000
16:06:52 INFO    com.codingful.tandem.jdbc.PgNotifyWakeup - Listening for relay wakeups channel:tandem_wakeup
S10: window 3 (wakeup): commit→ack p50=PT0.007163903S p95=PT0.008269823S p99=PT0.009437183S, write p50=PT0.004136959S p99=PT0.006098943S, events=301, violations=0, missing=0
16:09:25 INFO    com.codingful.tandem.jdbc.WorkerPool - Relay stopped instanceId:tandem-host-47307-c2d8
16:09:25 INFO    com.codingful.tandem.jdbc.WorkerPool - Starting relay instanceId:tandem-host-47307-43db, workers:8, coordination:SINGLE, bucketCount:256, batchSize:100, pollIntervalMs:100, pollIntervalFloorMs:10, pollBackoffFactor:2.0, wakeup:none, maxAttempts:10, rowLeaseMs:60000
[] [WARN] com.zaxxer.hikari.pool.ProxyConnection - tandem-benchmark - Connection org.postgresql.jdbc.PgConnection@2a86b7d marked as broken because of SQLSTATE(08006), ErrorCode(0)
org.postgresql.util.PSQLException: An I/O error occurred while sending to the backend.
	at org.postgresql.core.v3.QueryExecutorImpl.execute(QueryExecutorImpl.java:458)
	at org.postgresql.core.v3.QueryExecutorImpl.execute(QueryExecutorImpl.java:389)
	at org.postgresql.jdbc.PgConnection.executeTransactionCommand(PgConnection.java:998)
	at org.postgresql.jdbc.PgConnection.commit(PgConnection.java:1020)
	at com.zaxxer.hikari.pool.ProxyConnection.commit(ProxyConnection.java:378)
	at com.zaxxer.hikari.pool.HikariProxyConnection.commit(HikariProxyConnection.java)
	at com.codingful.tandem.benchmark.TransactionalUnitOfWork.runInTransaction(TransactionalUnitOfWork.java:46)
	at com.codingful.tandem.benchmark.LoadGenerator.lambda$insertOne$0(LoadGenerator.java:231)
	at com.codingful.tandem.benchmark.LoadGenerator$WriteSpanScope.lambda$static$0(LoadGenerator.java:109)
	at com.codingful.tandem.benchmark.LoadGenerator.insertOne(LoadGenerator.java:228)
	at com.codingful.tandem.benchmark.LoadGenerator.lambda$pacerLoop$0(LoadGenerator.java:208)
	at java.base/java.util.concurrent.Executors$RunnableAdapter.call(Executors.java:545)
	at java.base/java.util.concurrent.FutureTask.run(FutureTask.java:328)
	at java.base/java.util.concurrent.ThreadPerTaskExecutor$ThreadBoundFuture.run(ThreadPerTaskExecutor.java:323)
	at java.base/java.lang.VirtualThread.run(VirtualThread.java:456)
Caused by: java.net.SocketException: Closed by interrupt
	at java.base/java.net.Socket$SocketInputStream.implRead(Socket.java:981)
	at java.base/java.net.Socket$SocketInputStream.read(Socket.java:964)
	at org.postgresql.core.VisibleBufferedInputStream.readMore(VisibleBufferedInputStream.java:192)
	at org.postgresql.core.VisibleBufferedInputStream.ensureBytes(VisibleBufferedInputStream.java:159)
	at org.postgresql.core.VisibleBufferedInputStream.ensureBytes(VisibleBufferedInputStream.java:144)
	at org.postgresql.core.VisibleBufferedInputStream.read(VisibleBufferedInputStream.java:76)
	at org.postgresql.core.PGStream.receiveChar(PGStream.java:487)
	at org.postgresql.core.v3.QueryExecutorImpl.processResults(QueryExecutorImpl.java:2343)
	at org.postgresql.core.v3.QueryExecutorImpl.execute(QueryExecutorImpl.java:431)
	... 14 more
S10: window 4 (poll): commit→ack p50=PT0.059932671S p95=PT0.113246207S p99=PT0.118161407S, write p50=PT0.003588095S p99=PT0.005791743S, events=301, violations=0, missing=0
16:11:59 INFO    com.codingful.tandem.jdbc.WorkerPool - Relay stopped instanceId:tandem-host-47307-43db
PASS S10: cold rows at 2.0/s; commit→ack p50 64.0→7.7 ms (8.3x), p95 114.7→9.3, p99 122.5→10.3; write p50 3.86→4.39 ms, p99 5.97→6.48; events 603/602; ordering violations=0, missing=0
All scenarios passed correctness.

BUILD SUCCESSFUL in 10m 31s
16 actionable tasks: 1 executed, 15 up-to-date
Consider enabling configuration cache to speed up this build: https://docs.gradle.org/9.5.1/userguide/configuration_cache_enabling.html
