Tandem load test — scenarios=[S9], smoke=false, demo=false, duration=PT6M, workers=8, pollInterval=PT0.1S, pollFloor=PT0.01S, wakeup=NONE
--- Running S9 ---
20:25:36 INFO    com.codingful.tandem.jdbc.WorkerPool - Starting relay instanceId:s9-instance-1, workers:8, coordination:LEASE, bucketCount:256, batchSize:100, pollIntervalMs:100, pollIntervalFloorMs:10, pollBackoffFactor:2.0, wakeup:none, maxAttempts:10, rowLeaseMs:60000
20:25:36 INFO    com.codingful.tandem.jdbc.WorkerPool - Starting relay instanceId:s9-instance-2, workers:8, coordination:LEASE, bucketCount:256, batchSize:100, pollIntervalMs:100, pollIntervalFloorMs:10, pollBackoffFactor:2.0, wakeup:none, maxAttempts:10, rowLeaseMs:60000
20:25:36 INFO    com.codingful.tandem.jdbc.BucketLeaseManager - Relay claimed buckets owner:s9-instance-1, count:256
20:25:38 INFO    com.codingful.tandem.jdbc.BucketLeaseManager - Relay released excess buckets owner:s9-instance-1, count:128
20:25:40 INFO    com.codingful.tandem.jdbc.BucketLeaseManager - Relay claimed buckets owner:s9-instance-2, count:128
S9: holding 400.0 events/s (rate given explicitly) for PT6M in 2 windows of PT3M; retention=PT10M, cleanup every PT30S in batches of 20000
S9 window  1 @20:29:06: 399.5/s delivered (399.5/s written), p50=21ms p99=101ms, pending=8 oldest=0s, buckets [128, 128] covered=256/256, outbox 140MB (9MB idx, 83911 rows, 9710 dead), heap=26MB threads=49 load=10.51
20:31:57 INFO    com.codingful.tandem.jdbc.RelayWorker - Relay worker progress workerId:tandem-relay-s9-instance-1-w7, processed:10000, ok:10000, ko:0
20:32:00 INFO    com.codingful.tandem.jdbc.RelayWorker - Relay worker progress workerId:tandem-relay-s9-instance-2-w5, processed:10000, ok:10000, ko:0
20:32:00 INFO    com.codingful.tandem.jdbc.RelayWorker - Relay worker progress workerId:tandem-relay-s9-instance-1-w3, processed:10000, ok:10000, ko:0
20:32:03 INFO    com.codingful.tandem.jdbc.RelayWorker - Relay worker progress workerId:tandem-relay-s9-instance-2-w2, processed:10000, ok:10000, ko:0
20:32:05 INFO    com.codingful.tandem.jdbc.RelayWorker - Relay worker progress workerId:tandem-relay-s9-instance-1-w0, processed:10000, ok:10000, ko:0
20:32:05 INFO    com.codingful.tandem.jdbc.RelayWorker - Relay worker progress workerId:tandem-relay-s9-instance-2-w4, processed:10000, ok:10000, ko:0
S9 window  2 @20:32:06: 399.8/s delivered (399.8/s written), p50=19ms p99=98ms, pending=5 oldest=0s, buckets [128, 128] covered=256/256, outbox 240MB (16MB idx, 155863 rows, 9338 dead), heap=50MB threads=49 load=9.89
20:32:07 INFO    com.codingful.tandem.jdbc.BucketLeaseManager - Relay released all owned buckets owner:s9-instance-1, count:128
20:32:07 INFO    com.codingful.tandem.jdbc.WorkerPool - Relay stopped instanceId:s9-instance-1
20:32:07 INFO    com.codingful.tandem.jdbc.BucketLeaseManager - Relay released all owned buckets owner:s9-instance-2, count:128
20:32:07 INFO    com.codingful.tandem.jdbc.WorkerPool - Relay stopped instanceId:s9-instance-2
PASS S9: held 400.0 events/s (rate given explicitly) for PT6M in 2 windows; throughput 399.5/s → 399.8/s (+0.1%), p50 21ms → 19ms, p99 101ms → 98ms; outbox 140MB → 240MB, heap 26MB → 50MB; bucket coverage held=true; ordering violations=0, lost=0, duplicates=0
All scenarios passed correctness.
[tandem-relay-s9-instance-1-jobs] [WARN] com.zaxxer.hikari.pool.ProxyConnection - tandem-benchmark - Connection org.postgresql.jdbc.PgConnection@d17fb72 marked as broken because of SQLSTATE(08006), ErrorCode(0)
org.postgresql.util.PSQLException: An I/O error occurred while sending to the backend.
	at org.postgresql.core.v3.QueryExecutorImpl.execute(QueryExecutorImpl.java:458)
	at org.postgresql.jdbc.PgStatement.executeInternal(PgStatement.java:534)
	at org.postgresql.jdbc.PgStatement.execute(PgStatement.java:437)
	at org.postgresql.jdbc.PgPreparedStatement.executeWithFlags(PgPreparedStatement.java:196)
	at org.postgresql.jdbc.PgPreparedStatement.executeUpdate(PgPreparedStatement.java:157)
	at com.zaxxer.hikari.pool.ProxyPreparedStatement.executeUpdate(ProxyPreparedStatement.java:61)
	at com.zaxxer.hikari.pool.HikariProxyPreparedStatement.executeUpdate(HikariProxyPreparedStatement.java)
	at com.codingful.tandem.jdbc.JdbcOutboxStore.lambda$cleanup$23(JdbcOutboxStore.java:286)
	at com.codingful.tandem.jdbc.Jdbc.withStatement(Jdbc.java:112)
	at com.codingful.tandem.jdbc.JdbcOutboxStore.lambda$cleanup$24(JdbcOutboxStore.java:283)
	at com.codingful.tandem.jdbc.Jdbc.run(Jdbc.java:91)
	at com.codingful.tandem.jdbc.Jdbc.run(Jdbc.java:74)
	at com.codingful.tandem.jdbc.JdbcOutboxStore.cleanup(JdbcOutboxStore.java:282)
	at com.codingful.tandem.benchmark.FaultInjectingOutboxStore.cleanup(FaultInjectingOutboxStore.java:78)
	at com.codingful.tandem.jdbc.WorkerPool.cleanupTick(WorkerPool.java:306)
	at java.base/java.util.concurrent.Executors$RunnableAdapter.call(Executors.java:545)
	at java.base/java.util.concurrent.FutureTask.runAndReset(FutureTask.java:369)
	at java.base/java.util.concurrent.ScheduledThreadPoolExecutor$ScheduledFutureTask.run(ScheduledThreadPoolExecutor.java:310)
	at java.base/java.util.concurrent.ThreadPoolExecutor.runWorker(ThreadPoolExecutor.java:1090)
	at java.base/java.util.concurrent.ThreadPoolExecutor$Worker.run(ThreadPoolExecutor.java:614)
	at java.base/java.lang.Thread.run(Thread.java:1474)
Caused by: java.net.SocketException: Socket closed
	at java.base/sun.nio.ch.NioSocketImpl.endRead(NioSocketImpl.java:242)
	at java.base/sun.nio.ch.NioSocketImpl.implRead(NioSocketImpl.java:321)
	at java.base/sun.nio.ch.NioSocketImpl.read(NioSocketImpl.java:354)
	at java.base/sun.nio.ch.NioSocketImpl$1.read(NioSocketImpl.java:798)
	at java.base/java.net.Socket$SocketInputStream.implRead(Socket.java:974)
	at java.base/java.net.Socket$SocketInputStream.read(Socket.java:964)
	at org.postgresql.core.VisibleBufferedInputStream.readMore(VisibleBufferedInputStream.java:192)
	at org.postgresql.core.VisibleBufferedInputStream.ensureBytes(VisibleBufferedInputStream.java:159)
	at org.postgresql.core.VisibleBufferedInputStream.ensureBytes(VisibleBufferedInputStream.java:144)
	at org.postgresql.core.VisibleBufferedInputStream.read(VisibleBufferedInputStream.java:76)
	at org.postgresql.core.PGStream.receiveChar(PGStream.java:487)
	at org.postgresql.core.v3.QueryExecutorImpl.processResults(QueryExecutorImpl.java:2343)
	at org.postgresql.core.v3.QueryExecutorImpl.execute(QueryExecutorImpl.java:431)
	... 20 more
[tandem-relay-s9-instance-2-jobs] [WARN] com.zaxxer.hikari.pool.ProxyConnection - tandem-benchmark - Connection org.postgresql.jdbc.PgConnection@354d4746 marked as broken because of SQLSTATE(08006), ErrorCode(0)
org.postgresql.util.PSQLException: An I/O error occurred while sending to the backend.
	at org.postgresql.core.v3.QueryExecutorImpl.execute(QueryExecutorImpl.java:458)
	at org.postgresql.jdbc.PgStatement.executeInternal(PgStatement.java:534)
	at org.postgresql.jdbc.PgStatement.execute(PgStatement.java:437)
	at org.postgresql.jdbc.PgPreparedStatement.executeWithFlags(PgPreparedStatement.java:196)
	at org.postgresql.jdbc.PgPreparedStatement.executeUpdate(PgPreparedStatement.java:157)
	at com.zaxxer.hikari.pool.ProxyPreparedStatement.executeUpdate(ProxyPreparedStatement.java:61)
	at com.zaxxer.hikari.pool.HikariProxyPreparedStatement.executeUpdate(HikariProxyPreparedStatement.java)
	at com.codingful.tandem.jdbc.JdbcOutboxStore.lambda$cleanup$23(JdbcOutboxStore.java:286)
	at com.codingful.tandem.jdbc.Jdbc.withStatement(Jdbc.java:112)
	at com.codingful.tandem.jdbc.JdbcOutboxStore.lambda$cleanup$24(JdbcOutboxStore.java:283)
	at com.codingful.tandem.jdbc.Jdbc.run(Jdbc.java:91)
	at com.codingful.tandem.jdbc.Jdbc.run(Jdbc.java:74)
	at com.codingful.tandem.jdbc.JdbcOutboxStore.cleanup(JdbcOutboxStore.java:282)
	at com.codingful.tandem.benchmark.FaultInjectingOutboxStore.cleanup(FaultInjectingOutboxStore.java:78)
	at com.codingful.tandem.jdbc.WorkerPool.cleanupTick(WorkerPool.java:306)
	at java.base/java.util.concurrent.Executors$RunnableAdapter.call(Executors.java:545)
	at java.base/java.util.concurrent.FutureTask.runAndReset(FutureTask.java:369)
	at java.base/java.util.concurrent.ScheduledThreadPoolExecutor$ScheduledFutureTask.run(ScheduledThreadPoolExecutor.java:310)
	at java.base/java.util.concurrent.ThreadPoolExecutor.runWorker(ThreadPoolExecutor.java:1090)
	at java.base/java.util.concurrent.ThreadPoolExecutor$Worker.run(ThreadPoolExecutor.java:614)
	at java.base/java.lang.Thread.run(Thread.java:1474)
Caused by: java.net.SocketException: Socket closed
	at java.base/sun.nio.ch.NioSocketImpl.endRead(NioSocketImpl.java:242)
	at java.base/sun.nio.ch.NioSocketImpl.implRead(NioSocketImpl.java:321)
	at java.base/sun.nio.ch.NioSocketImpl.read(NioSocketImpl.java:354)
	at java.base/sun.nio.ch.NioSocketImpl$1.read(NioSocketImpl.java:798)
	at java.base/java.net.Socket$SocketInputStream.implRead(Socket.java:974)
	at java.base/java.net.Socket$SocketInputStream.read(Socket.java:964)
	at org.postgresql.core.VisibleBufferedInputStream.readMore(VisibleBufferedInputStream.java:192)
	at org.postgresql.core.VisibleBufferedInputStream.ensureBytes(VisibleBufferedInputStream.java:159)
	at org.postgresql.core.VisibleBufferedInputStream.ensureBytes(VisibleBufferedInputStream.java:144)
	at org.postgresql.core.VisibleBufferedInputStream.read(VisibleBufferedInputStream.java:76)
	at org.postgresql.core.PGStream.receiveChar(PGStream.java:487)
	at org.postgresql.core.v3.QueryExecutorImpl.processResults(QueryExecutorImpl.java:2343)
	at org.postgresql.core.v3.QueryExecutorImpl.execute(QueryExecutorImpl.java:431)
	... 20 more
20:32:07 SEVERE  com.codingful.tandem.jdbc.WorkerPool - Cleanup failed
com.codingful.tandem.core.exception.TandemException: cleanup failed
	at com.codingful.tandem.jdbc.Jdbc.lambda$run$0(Jdbc.java:74)
	at com.codingful.tandem.jdbc.Jdbc.run(Jdbc.java:93)
	at com.codingful.tandem.jdbc.Jdbc.run(Jdbc.java:74)
	at com.codingful.tandem.jdbc.JdbcOutboxStore.cleanup(JdbcOutboxStore.java:282)
	at com.codingful.tandem.benchmark.FaultInjectingOutboxStore.cleanup(FaultInjectingOutboxStore.java:78)
	at com.codingful.tandem.jdbc.WorkerPool.cleanupTick(WorkerPool.java:306)
	at java.base/java.util.concurrent.Executors$RunnableAdapter.call(Executors.java:545)
	at java.base/java.util.concurrent.FutureTask.runAndReset(FutureTask.java:369)
	at java.base/java.util.concurrent.ScheduledThreadPoolExecutor$ScheduledFutureTask.run(ScheduledThreadPoolExecutor.java:310)
	at java.base/java.util.concurrent.ThreadPoolExecutor.runWorker(ThreadPoolExecutor.java:1090)
	at java.base/java.util.concurrent.ThreadPoolExecutor$Worker.run(ThreadPoolExecutor.java:614)
	at java.base/java.lang.Thread.run(Thread.java:1474)
Caused by: org.postgresql.util.PSQLException: An I/O error occurred while sending to the backend.
	at org.postgresql.core.v3.QueryExecutorImpl.execute(QueryExecutorImpl.java:458)
	at org.postgresql.jdbc.PgStatement.executeInternal(PgStatement.java:534)
	at org.postgresql.jdbc.PgStatement.execute(PgStatement.java:437)
	at org.postgresql.jdbc.PgPreparedStatement.executeWithFlags(PgPreparedStatement.java:196)
	at org.postgresql.jdbc.PgPreparedStatement.executeUpdate(PgPreparedStatement.java:157)
	at com.zaxxer.hikari.pool.ProxyPreparedStatement.executeUpdate(ProxyPreparedStatement.java:61)
	at com.zaxxer.hikari.pool.HikariProxyPreparedStatement.executeUpdate(HikariProxyPreparedStatement.java)
	at com.codingful.tandem.jdbc.JdbcOutboxStore.lambda$cleanup$23(JdbcOutboxStore.java:286)
	at com.codingful.tandem.jdbc.Jdbc.withStatement(Jdbc.java:112)
	at com.codingful.tandem.jdbc.JdbcOutboxStore.lambda$cleanup$24(JdbcOutboxStore.java:283)
	at com.codingful.tandem.jdbc.Jdbc.run(Jdbc.java:91)
	... 10 more
Caused by: java.net.SocketException: Socket closed
	at java.base/sun.nio.ch.NioSocketImpl.endRead(NioSocketImpl.java:242)
	at java.base/sun.nio.ch.NioSocketImpl.implRead(NioSocketImpl.java:321)
	at java.base/sun.nio.ch.NioSocketImpl.read(NioSocketImpl.java:354)
	at java.base/sun.nio.ch.NioSocketImpl$1.read(NioSocketImpl.java:798)
	at java.base/java.net.Socket$SocketInputStream.implRead(Socket.java:974)
	at java.base/java.net.Socket$SocketInputStream.read(Socket.java:964)
	at org.postgresql.core.VisibleBufferedInputStream.readMore(VisibleBufferedInputStream.java:192)
	at org.postgresql.core.VisibleBufferedInputStream.ensureBytes(VisibleBufferedInputStream.java:159)
	at org.postgresql.core.VisibleBufferedInputStream.ensureBytes(VisibleBufferedInputStream.java:144)
	at org.postgresql.core.VisibleBufferedInputStream.read(VisibleBufferedInputStream.java:76)
	at org.postgresql.core.PGStream.receiveChar(PGStream.java:487)
	at org.postgresql.core.v3.QueryExecutorImpl.processResults(QueryExecutorImpl.java:2343)
	at org.postgresql.core.v3.QueryExecutorImpl.execute(QueryExecutorImpl.java:431)
	... 20 more

20:32:07 SEVERE  com.codingful.tandem.jdbc.WorkerPool - Cleanup failed
com.codingful.tandem.core.exception.TandemException: cleanup failed
	at com.codingful.tandem.jdbc.Jdbc.lambda$run$0(Jdbc.java:74)
	at com.codingful.tandem.jdbc.Jdbc.run(Jdbc.java:93)
	at com.codingful.tandem.jdbc.Jdbc.run(Jdbc.java:74)
	at com.codingful.tandem.jdbc.JdbcOutboxStore.cleanup(JdbcOutboxStore.java:282)
	at com.codingful.tandem.benchmark.FaultInjectingOutboxStore.cleanup(FaultInjectingOutboxStore.java:78)
	at com.codingful.tandem.jdbc.WorkerPool.cleanupTick(WorkerPool.java:306)
	at java.base/java.util.concurrent.Executors$RunnableAdapter.call(Executors.java:545)
	at java.base/java.util.concurrent.FutureTask.runAndReset(FutureTask.java:369)
	at java.base/java.util.concurrent.ScheduledThreadPoolExecutor$ScheduledFutureTask.run(ScheduledThreadPoolExecutor.java:310)
	at java.base/java.util.concurrent.ThreadPoolExecutor.runWorker(ThreadPoolExecutor.java:1090)
	at java.base/java.util.concurrent.ThreadPoolExecutor$Worker.run(ThreadPoolExecutor.java:614)
	at java.base/java.lang.Thread.run(Thread.java:1474)
Caused by: org.postgresql.util.PSQLException: An I/O error occurred while sending to the backend.
	at org.postgresql.core.v3.QueryExecutorImpl.execute(QueryExecutorImpl.java:458)
	at org.postgresql.jdbc.PgStatement.executeInternal(PgStatement.java:534)
	at org.postgresql.jdbc.PgStatement.execute(PgStatement.java:437)
	at org.postgresql.jdbc.PgPreparedStatement.executeWithFlags(PgPreparedStatement.java:196)
	at org.postgresql.jdbc.PgPreparedStatement.executeUpdate(PgPreparedStatement.java:157)
	at com.zaxxer.hikari.pool.ProxyPreparedStatement.executeUpdate(ProxyPreparedStatement.java:61)
	at com.zaxxer.hikari.pool.HikariProxyPreparedStatement.executeUpdate(HikariProxyPreparedStatement.java)
	at com.codingful.tandem.jdbc.JdbcOutboxStore.lambda$cleanup$23(JdbcOutboxStore.java:286)
	at com.codingful.tandem.jdbc.Jdbc.withStatement(Jdbc.java:112)
	at com.codingful.tandem.jdbc.JdbcOutboxStore.lambda$cleanup$24(JdbcOutboxStore.java:283)
	at com.codingful.tandem.jdbc.Jdbc.run(Jdbc.java:91)
	... 10 more
Caused by: java.net.SocketException: Socket closed
	at java.base/sun.nio.ch.NioSocketImpl.endRead(NioSocketImpl.java:242)
	at java.base/sun.nio.ch.NioSocketImpl.implRead(NioSocketImpl.java:321)
	at java.base/sun.nio.ch.NioSocketImpl.read(NioSocketImpl.java:354)
	at java.base/sun.nio.ch.NioSocketImpl$1.read(NioSocketImpl.java:798)
	at java.base/java.net.Socket$SocketInputStream.implRead(Socket.java:974)
	at java.base/java.net.Socket$SocketInputStream.read(Socket.java:964)
	at org.postgresql.core.VisibleBufferedInputStream.readMore(VisibleBufferedInputStream.java:192)
	at org.postgresql.core.VisibleBufferedInputStream.ensureBytes(VisibleBufferedInputStream.java:159)
	at org.postgresql.core.VisibleBufferedInputStream.ensureBytes(VisibleBufferedInputStream.java:144)
	at org.postgresql.core.VisibleBufferedInputStream.read(VisibleBufferedInputStream.java:76)
	at org.postgresql.core.PGStream.receiveChar(PGStream.java:487)
	at org.postgresql.core.v3.QueryExecutorImpl.processResults(QueryExecutorImpl.java:2343)
	at org.postgresql.core.v3.QueryExecutorImpl.execute(QueryExecutorImpl.java:431)
	... 20 more

