Tandem load test — scenarios=[S9], smoke=false, demo=false, duration=PT6M, workers=8, pollInterval=PT0.1S, pollFloor=PT0.01S, wakeup=PG_NOTIFY
--- Running S9 ---
20:33:26 INFO    com.codingful.tandem.jdbc.WorkerPool - Starting relay instanceId:s9-instance-1, workers:8, coordination:LEASE, bucketCount:256, batchSize:100, pollIntervalMs:100, pollIntervalFloorMs:10, pollBackoffFactor:2.0, wakeup:PgNotifyWakeup, maxAttempts:10, rowLeaseMs:60000
20:33:26 INFO    com.codingful.tandem.jdbc.PgNotifyWakeup - Listening for relay wakeups channel:tandem_wakeup
20:33:26 INFO    com.codingful.tandem.jdbc.WorkerPool - Starting relay instanceId:s9-instance-2, workers:8, coordination:LEASE, bucketCount:256, batchSize:100, pollIntervalMs:100, pollIntervalFloorMs:10, pollBackoffFactor:2.0, wakeup:PgNotifyWakeup, maxAttempts:10, rowLeaseMs:60000
20:33:26 INFO    com.codingful.tandem.jdbc.BucketLeaseManager - Relay claimed buckets owner:s9-instance-1, count:256
20:33:26 INFO    com.codingful.tandem.jdbc.PgNotifyWakeup - Listening for relay wakeups channel:tandem_wakeup
20:33:28 INFO    com.codingful.tandem.jdbc.BucketLeaseManager - Relay released excess buckets owner:s9-instance-1, count:128
20:33:28 INFO    com.codingful.tandem.jdbc.BucketLeaseManager - Relay claimed buckets owner:s9-instance-2, count:128
S9: holding 400.0 events/s (rate given explicitly) for PT6M in 2 windows of PT3M; retention=PT10M, cleanup every PT30S in batches of 20000
S9 window  1 @20:36:56: 396.0/s delivered (396.0/s written), p50=19ms p99=140ms, pending=6 oldest=0s, buckets [128, 128] covered=256/256, outbox 147MB (11MB idx, 83301 rows, 5642 dead), heap=55MB threads=51 load=29.12
20:39:49 INFO    com.codingful.tandem.jdbc.RelayWorker - Relay worker progress workerId:tandem-relay-s9-instance-1-w7, processed:10000, ok:10000, ko:0
20:39:50 INFO    com.codingful.tandem.jdbc.RelayWorker - Relay worker progress workerId:tandem-relay-s9-instance-2-w5, processed:10000, ok:10000, ko:0
20:39:54 INFO    com.codingful.tandem.jdbc.RelayWorker - Relay worker progress workerId:tandem-relay-s9-instance-2-w4, processed:10000, ok:10000, ko:0
S9 window  2 @20:39:56: 399.4/s delivered (399.4/s written), p50=17ms p99=50ms, pending=8 oldest=0s, buckets [128, 128] covered=256/256, outbox 244MB (18MB idx, 155179 rows, 6017 dead), heap=46MB threads=52 load=14.49
20:39:57 INFO    com.codingful.tandem.jdbc.BucketLeaseManager - Relay released all owned buckets owner:s9-instance-1, count:128
20:39:57 INFO    com.codingful.tandem.jdbc.WorkerPool - Relay stopped instanceId:s9-instance-1
20:39:58 INFO    com.codingful.tandem.jdbc.BucketLeaseManager - Relay released all owned buckets owner:s9-instance-2, count:128
20:39:58 INFO    com.codingful.tandem.jdbc.WorkerPool - Relay stopped instanceId:s9-instance-2
PASS S9: held 400.0 events/s (rate given explicitly) for PT6M in 2 windows; throughput 396.0/s → 399.4/s (+0.9%), p50 19ms → 17ms, p99 140ms → 50ms; outbox 147MB → 244MB, heap 55MB → 46MB; bucket coverage held=true; ordering violations=0, lost=0, duplicates=0
All scenarios passed correctness.
