Tandem load test — scenarios=[S11], smoke=false, demo=false, duration=PT2H, workers=8, pollInterval=PT0.1S, pollFloor=PT0.01S, wakeup=PG_NOTIFY
--- Running S11 ---
15:11:10 INFO    com.codingful.tandem.jdbc.WorkerPool - Starting relay instanceId:tandem-host-92227-2b53, workers:8, coordination:SINGLE, bucketCount:256, batchSize:100, pollIntervalMs:100, pollIntervalFloorMs:10, pollBackoffFactor:2.0, wakeup:PgNotifyWakeup, maxAttempts:10, rowLeaseMs:60000
15:11:10 INFO    com.codingful.tandem.jdbc.PgNotifyWakeup - Listening for relay wakeups channel:tandem_wakeup
15:11:43 INFO    com.codingful.tandem.jdbc.WorkerPool - Relay stopped instanceId:tandem-host-92227-2b53
15:26:43 INFO    com.codingful.tandem.jdbc.WorkerPool - Starting relay instanceId:tandem-host-92227-2b53, workers:8, coordination:SINGLE, bucketCount:256, batchSize:100, pollIntervalMs:100, pollIntervalFloorMs:10, pollBackoffFactor:2.0, wakeup:PgNotifyWakeup, maxAttempts:10, rowLeaseMs:60000
15:26:43 INFO    com.codingful.tandem.jdbc.PgNotifyWakeup - Listening for relay wakeups channel:tandem_wakeup
15:27:28 INFO    com.codingful.tandem.jdbc.RelayWorker - Relay worker progress workerId:tandem-relay-tandem-host-92227-2b53-w7, processed:10000, ok:10000, ko:0
15:27:28 INFO    com.codingful.tandem.jdbc.RelayWorker - Relay worker progress workerId:tandem-relay-tandem-host-92227-2b53-w5, processed:10000, ok:10000, ko:0
15:27:30 INFO    com.codingful.tandem.jdbc.RelayWorker - Relay worker progress workerId:tandem-relay-tandem-host-92227-2b53-w4, processed:10000, ok:10000, ko:0
15:27:30 INFO    com.codingful.tandem.jdbc.RelayWorker - Relay worker progress workerId:tandem-relay-tandem-host-92227-2b53-w6, processed:10000, ok:10000, ko:0
15:27:30 INFO    com.codingful.tandem.jdbc.RelayWorker - Relay worker progress workerId:tandem-relay-tandem-host-92227-2b53-w2, processed:10000, ok:10000, ko:0
15:27:30 INFO    com.codingful.tandem.jdbc.RelayWorker - Relay worker progress workerId:tandem-relay-tandem-host-92227-2b53-w0, processed:10000, ok:10000, ko:0
15:27:31 INFO    com.codingful.tandem.jdbc.RelayWorker - Relay worker progress workerId:tandem-relay-tandem-host-92227-2b53-w1, processed:10000, ok:10000, ko:0
15:27:40 INFO    com.codingful.tandem.jdbc.RelayWorker - Relay worker progress workerId:tandem-relay-tandem-host-92227-2b53-w3, processed:10000, ok:10000, ko:0
15:28:27 INFO    com.codingful.tandem.jdbc.RelayWorker - Relay worker progress workerId:tandem-relay-tandem-host-92227-2b53-w7, processed:20000, ok:20000, ko:0
15:28:31 INFO    com.codingful.tandem.jdbc.RelayWorker - Relay worker progress workerId:tandem-relay-tandem-host-92227-2b53-w2, processed:20000, ok:20000, ko:0
15:28:34 INFO    com.codingful.tandem.jdbc.RelayWorker - Relay worker progress workerId:tandem-relay-tandem-host-92227-2b53-w4, processed:20000, ok:20000, ko:0
15:28:35 INFO    com.codingful.tandem.jdbc.RelayWorker - Relay worker progress workerId:tandem-relay-tandem-host-92227-2b53-w0, processed:20000, ok:20000, ko:0
15:28:35 INFO    com.codingful.tandem.jdbc.RelayWorker - Relay worker progress workerId:tandem-relay-tandem-host-92227-2b53-w6, processed:20000, ok:20000, ko:0
15:28:35 INFO    com.codingful.tandem.jdbc.RelayWorker - Relay worker progress workerId:tandem-relay-tandem-host-92227-2b53-w5, processed:20000, ok:20000, ko:0
15:28:39 INFO    com.codingful.tandem.jdbc.RelayWorker - Relay worker progress workerId:tandem-relay-tandem-host-92227-2b53-w1, processed:20000, ok:20000, ko:0
15:28:49 INFO    com.codingful.tandem.jdbc.RelayWorker - Relay worker progress workerId:tandem-relay-tandem-host-92227-2b53-w3, processed:20000, ok:20000, ko:0
15:29:36 INFO    com.codingful.tandem.jdbc.RelayWorker - Relay worker progress workerId:tandem-relay-tandem-host-92227-2b53-w7, processed:30000, ok:30000, ko:0
15:29:46 INFO    com.codingful.tandem.jdbc.RelayWorker - Relay worker progress workerId:tandem-relay-tandem-host-92227-2b53-w2, processed:30000, ok:30000, ko:0
15:29:52 INFO    com.codingful.tandem.jdbc.RelayWorker - Relay worker progress workerId:tandem-relay-tandem-host-92227-2b53-w0, processed:30000, ok:30000, ko:0
15:29:54 INFO    com.codingful.tandem.jdbc.RelayWorker - Relay worker progress workerId:tandem-relay-tandem-host-92227-2b53-w4, processed:30000, ok:30000, ko:0
15:29:54 INFO    com.codingful.tandem.jdbc.RelayWorker - Relay worker progress workerId:tandem-relay-tandem-host-92227-2b53-w6, processed:30000, ok:30000, ko:0
15:29:59 INFO    com.codingful.tandem.jdbc.RelayWorker - Relay worker progress workerId:tandem-relay-tandem-host-92227-2b53-w5, processed:30000, ok:30000, ko:0
15:30:04 INFO    com.codingful.tandem.jdbc.RelayWorker - Relay worker progress workerId:tandem-relay-tandem-host-92227-2b53-w1, processed:30000, ok:30000, ko:0
15:30:04 INFO    com.codingful.tandem.jdbc.RelayWorker - Relay worker progress workerId:tandem-relay-tandem-host-92227-2b53-w3, processed:30000, ok:30000, ko:0
15:31:18 INFO    com.codingful.tandem.jdbc.RelayWorker - Relay worker progress workerId:tandem-relay-tandem-host-92227-2b53-w7, processed:40000, ok:40000, ko:0
15:31:37 INFO    com.codingful.tandem.jdbc.RelayWorker - Relay worker progress workerId:tandem-relay-tandem-host-92227-2b53-w2, processed:40000, ok:40000, ko:0
15:31:39 INFO    com.codingful.tandem.jdbc.RelayWorker - Relay worker progress workerId:tandem-relay-tandem-host-92227-2b53-w0, processed:40000, ok:40000, ko:0
15:31:42 INFO    com.codingful.tandem.jdbc.RelayWorker - Relay worker progress workerId:tandem-relay-tandem-host-92227-2b53-w6, processed:40000, ok:40000, ko:0
15:31:44 INFO    com.codingful.tandem.jdbc.RelayWorker - Relay worker progress workerId:tandem-relay-tandem-host-92227-2b53-w4, processed:40000, ok:40000, ko:0
15:31:49 INFO    com.codingful.tandem.jdbc.RelayWorker - Relay worker progress workerId:tandem-relay-tandem-host-92227-2b53-w3, processed:40000, ok:40000, ko:0
15:31:50 INFO    com.codingful.tandem.jdbc.RelayWorker - Relay worker progress workerId:tandem-relay-tandem-host-92227-2b53-w1, processed:40000, ok:40000, ko:0
15:31:52 INFO    com.codingful.tandem.jdbc.RelayWorker - Relay worker progress workerId:tandem-relay-tandem-host-92227-2b53-w5, processed:40000, ok:40000, ko:0
15:32:57 INFO    com.codingful.tandem.jdbc.RelayWorker - Relay worker progress workerId:tandem-relay-tandem-host-92227-2b53-w7, processed:50000, ok:50000, ko:0
15:33:23 INFO    com.codingful.tandem.jdbc.RelayWorker - Relay worker progress workerId:tandem-relay-tandem-host-92227-2b53-w6, processed:50000, ok:50000, ko:0
15:33:23 INFO    com.codingful.tandem.jdbc.RelayWorker - Relay worker progress workerId:tandem-relay-tandem-host-92227-2b53-w0, processed:50000, ok:50000, ko:0
15:33:27 INFO    com.codingful.tandem.jdbc.RelayWorker - Relay worker progress workerId:tandem-relay-tandem-host-92227-2b53-w4, processed:50000, ok:50000, ko:0
15:33:30 INFO    com.codingful.tandem.jdbc.RelayWorker - Relay worker progress workerId:tandem-relay-tandem-host-92227-2b53-w2, processed:50000, ok:50000, ko:0
15:33:39 INFO    com.codingful.tandem.jdbc.RelayWorker - Relay worker progress workerId:tandem-relay-tandem-host-92227-2b53-w1, processed:50000, ok:50000, ko:0
15:33:44 INFO    com.codingful.tandem.jdbc.RelayWorker - Relay worker progress workerId:tandem-relay-tandem-host-92227-2b53-w3, processed:50000, ok:50000, ko:0
15:33:50 INFO    com.codingful.tandem.jdbc.RelayWorker - Relay worker progress workerId:tandem-relay-tandem-host-92227-2b53-w5, processed:50000, ok:50000, ko:0
15:34:59 INFO    com.codingful.tandem.jdbc.RelayWorker - Relay worker progress workerId:tandem-relay-tandem-host-92227-2b53-w7, processed:60000, ok:60000, ko:0
15:35:18 INFO    com.codingful.tandem.jdbc.RelayWorker - Relay worker progress workerId:tandem-relay-tandem-host-92227-2b53-w4, processed:60000, ok:60000, ko:0
15:35:18 INFO    com.codingful.tandem.jdbc.RelayWorker - Relay worker progress workerId:tandem-relay-tandem-host-92227-2b53-w0, processed:60000, ok:60000, ko:0
15:35:21 INFO    com.codingful.tandem.jdbc.RelayWorker - Relay worker progress workerId:tandem-relay-tandem-host-92227-2b53-w6, processed:60000, ok:60000, ko:0
15:35:32 INFO    com.codingful.tandem.jdbc.RelayWorker - Relay worker progress workerId:tandem-relay-tandem-host-92227-2b53-w2, processed:60000, ok:60000, ko:0
15:35:37 INFO    com.codingful.tandem.jdbc.RelayWorker - Relay worker progress workerId:tandem-relay-tandem-host-92227-2b53-w1, processed:60000, ok:60000, ko:0
15:35:50 INFO    com.codingful.tandem.jdbc.RelayWorker - Relay worker progress workerId:tandem-relay-tandem-host-92227-2b53-w5, processed:60000, ok:60000, ko:0
15:35:51 INFO    com.codingful.tandem.jdbc.RelayWorker - Relay worker progress workerId:tandem-relay-tandem-host-92227-2b53-w3, processed:60000, ok:60000, ko:0
15:37:00 INFO    com.codingful.tandem.jdbc.RelayWorker - Relay worker progress workerId:tandem-relay-tandem-host-92227-2b53-w7, processed:70000, ok:70000, ko:0
15:37:25 INFO    com.codingful.tandem.jdbc.RelayWorker - Relay worker progress workerId:tandem-relay-tandem-host-92227-2b53-w4, processed:70000, ok:70000, ko:0
15:37:34 INFO    com.codingful.tandem.jdbc.RelayWorker - Relay worker progress workerId:tandem-relay-tandem-host-92227-2b53-w2, processed:70000, ok:70000, ko:0
15:37:42 INFO    com.codingful.tandem.jdbc.RelayWorker - Relay worker progress workerId:tandem-relay-tandem-host-92227-2b53-w6, processed:70000, ok:70000, ko:0
15:37:42 INFO    com.codingful.tandem.jdbc.RelayWorker - Relay worker progress workerId:tandem-relay-tandem-host-92227-2b53-w0, processed:70000, ok:70000, ko:0
15:37:53 INFO    com.codingful.tandem.jdbc.RelayWorker - Relay worker progress workerId:tandem-relay-tandem-host-92227-2b53-w3, processed:70000, ok:70000, ko:0
15:37:53 INFO    com.codingful.tandem.jdbc.RelayWorker - Relay worker progress workerId:tandem-relay-tandem-host-92227-2b53-w1, processed:70000, ok:70000, ko:0
15:37:57 INFO    com.codingful.tandem.jdbc.RelayWorker - Relay worker progress workerId:tandem-relay-tandem-host-92227-2b53-w5, processed:70000, ok:70000, ko:0
15:39:19 INFO    com.codingful.tandem.jdbc.RelayWorker - Relay worker progress workerId:tandem-relay-tandem-host-92227-2b53-w7, processed:80000, ok:80000, ko:0
15:39:36 INFO    com.codingful.tandem.jdbc.RelayWorker - Relay worker progress workerId:tandem-relay-tandem-host-92227-2b53-w4, processed:80000, ok:80000, ko:0
15:39:56 INFO    com.codingful.tandem.jdbc.RelayWorker - Relay worker progress workerId:tandem-relay-tandem-host-92227-2b53-w2, processed:80000, ok:80000, ko:0
15:40:03 INFO    com.codingful.tandem.jdbc.RelayWorker - Relay worker progress workerId:tandem-relay-tandem-host-92227-2b53-w6, processed:80000, ok:80000, ko:0
15:40:05 INFO    com.codingful.tandem.jdbc.RelayWorker - Relay worker progress workerId:tandem-relay-tandem-host-92227-2b53-w3, processed:80000, ok:80000, ko:0
15:40:09 INFO    com.codingful.tandem.jdbc.RelayWorker - Relay worker progress workerId:tandem-relay-tandem-host-92227-2b53-w1, processed:80000, ok:80000, ko:0
15:40:13 INFO    com.codingful.tandem.jdbc.RelayWorker - Relay worker progress workerId:tandem-relay-tandem-host-92227-2b53-w0, processed:80000, ok:80000, ko:0
15:40:15 INFO    com.codingful.tandem.jdbc.RelayWorker - Relay worker progress workerId:tandem-relay-tandem-host-92227-2b53-w5, processed:80000, ok:80000, ko:0
15:41:38 INFO    com.codingful.tandem.jdbc.RelayWorker - Relay worker progress workerId:tandem-relay-tandem-host-92227-2b53-w7, processed:90000, ok:90000, ko:0
15:41:39 INFO    com.codingful.tandem.jdbc.RelayWorker - Relay worker progress workerId:tandem-relay-tandem-host-92227-2b53-w5, processed:90000, ok:90000, ko:0
15:41:40 INFO    com.codingful.tandem.jdbc.RelayWorker - Relay worker progress workerId:tandem-relay-tandem-host-92227-2b53-w4, processed:90000, ok:90000, ko:0
15:41:46 INFO    com.codingful.tandem.jdbc.RelayWorker - Relay worker progress workerId:tandem-relay-tandem-host-92227-2b53-w2, processed:90000, ok:90000, ko:0
15:41:53 INFO    com.codingful.tandem.jdbc.RelayWorker - Relay worker progress workerId:tandem-relay-tandem-host-92227-2b53-w3, processed:90000, ok:90000, ko:0
15:41:53 INFO    com.codingful.tandem.jdbc.RelayWorker - Relay worker progress workerId:tandem-relay-tandem-host-92227-2b53-w1, processed:90000, ok:90000, ko:0
15:41:54 INFO    com.codingful.tandem.jdbc.RelayWorker - Relay worker progress workerId:tandem-relay-tandem-host-92227-2b53-w0, processed:90000, ok:90000, ko:0
15:41:59 INFO    com.codingful.tandem.jdbc.RelayWorker - Relay worker progress workerId:tandem-relay-tandem-host-92227-2b53-w6, processed:90000, ok:90000, ko:0
15:42:14 INFO    com.codingful.tandem.jdbc.WorkerPool - Relay stopped instanceId:tandem-host-92227-2b53
16:12:14 INFO    com.codingful.tandem.jdbc.WorkerPool - Starting relay instanceId:tandem-host-92227-2b53, workers:8, coordination:SINGLE, bucketCount:256, batchSize:100, pollIntervalMs:100, pollIntervalFloorMs:10, pollBackoffFactor:2.0, wakeup:PgNotifyWakeup, maxAttempts:10, rowLeaseMs:60000
16:12:14 INFO    com.codingful.tandem.jdbc.PgNotifyWakeup - Listening for relay wakeups channel:tandem_wakeup
16:14:53 INFO    com.codingful.tandem.jdbc.RelayWorker - Relay worker progress workerId:tandem-relay-tandem-host-92227-2b53-w1, processed:10000, ok:10000, ko:0
16:14:55 INFO    com.codingful.tandem.jdbc.RelayWorker - Relay worker progress workerId:tandem-relay-tandem-host-92227-2b53-w2, processed:10000, ok:10000, ko:0
16:14:55 INFO    com.codingful.tandem.jdbc.RelayWorker - Relay worker progress workerId:tandem-relay-tandem-host-92227-2b53-w0, processed:10000, ok:10000, ko:0
16:14:56 INFO    com.codingful.tandem.jdbc.RelayWorker - Relay worker progress workerId:tandem-relay-tandem-host-92227-2b53-w3, processed:10000, ok:10000, ko:0
16:14:57 INFO    com.codingful.tandem.jdbc.RelayWorker - Relay worker progress workerId:tandem-relay-tandem-host-92227-2b53-w4, processed:10000, ok:10000, ko:0
16:14:59 INFO    com.codingful.tandem.jdbc.RelayWorker - Relay worker progress workerId:tandem-relay-tandem-host-92227-2b53-w5, processed:10000, ok:10000, ko:0
16:14:59 INFO    com.codingful.tandem.jdbc.RelayWorker - Relay worker progress workerId:tandem-relay-tandem-host-92227-2b53-w7, processed:10000, ok:10000, ko:0
16:15:07 INFO    com.codingful.tandem.jdbc.RelayWorker - Relay worker progress workerId:tandem-relay-tandem-host-92227-2b53-w6, processed:10000, ok:10000, ko:0
16:16:48 INFO    com.codingful.tandem.jdbc.RelayWorker - Relay worker progress workerId:tandem-relay-tandem-host-92227-2b53-w1, processed:20000, ok:20000, ko:0
16:17:03 INFO    com.codingful.tandem.jdbc.RelayWorker - Relay worker progress workerId:tandem-relay-tandem-host-92227-2b53-w7, processed:20000, ok:20000, ko:0
16:17:04 INFO    com.codingful.tandem.jdbc.RelayWorker - Relay worker progress workerId:tandem-relay-tandem-host-92227-2b53-w0, processed:20000, ok:20000, ko:0
16:17:05 INFO    com.codingful.tandem.jdbc.RelayWorker - Relay worker progress workerId:tandem-relay-tandem-host-92227-2b53-w3, processed:20000, ok:20000, ko:0
16:17:15 INFO    com.codingful.tandem.jdbc.RelayWorker - Relay worker progress workerId:tandem-relay-tandem-host-92227-2b53-w2, processed:20000, ok:20000, ko:0
16:17:16 INFO    com.codingful.tandem.jdbc.RelayWorker - Relay worker progress workerId:tandem-relay-tandem-host-92227-2b53-w6, processed:20000, ok:20000, ko:0
16:17:24 INFO    com.codingful.tandem.jdbc.RelayWorker - Relay worker progress workerId:tandem-relay-tandem-host-92227-2b53-w4, processed:20000, ok:20000, ko:0
16:17:25 INFO    com.codingful.tandem.jdbc.RelayWorker - Relay worker progress workerId:tandem-relay-tandem-host-92227-2b53-w5, processed:20000, ok:20000, ko:0
16:18:30 INFO    com.codingful.tandem.jdbc.RelayWorker - Relay worker progress workerId:tandem-relay-tandem-host-92227-2b53-w1, processed:30000, ok:30000, ko:0
16:19:04 INFO    com.codingful.tandem.jdbc.RelayWorker - Relay worker progress workerId:tandem-relay-tandem-host-92227-2b53-w3, processed:30000, ok:30000, ko:0
16:19:05 INFO    com.codingful.tandem.jdbc.RelayWorker - Relay worker progress workerId:tandem-relay-tandem-host-92227-2b53-w0, processed:30000, ok:30000, ko:0
16:19:05 INFO    com.codingful.tandem.jdbc.RelayWorker - Relay worker progress workerId:tandem-relay-tandem-host-92227-2b53-w7, processed:30000, ok:30000, ko:0
16:19:11 INFO    com.codingful.tandem.jdbc.RelayWorker - Relay worker progress workerId:tandem-relay-tandem-host-92227-2b53-w6, processed:30000, ok:30000, ko:0
16:19:21 INFO    com.codingful.tandem.jdbc.RelayWorker - Relay worker progress workerId:tandem-relay-tandem-host-92227-2b53-w4, processed:30000, ok:30000, ko:0
16:19:21 INFO    com.codingful.tandem.jdbc.RelayWorker - Relay worker progress workerId:tandem-relay-tandem-host-92227-2b53-w5, processed:30000, ok:30000, ko:0
16:19:26 INFO    com.codingful.tandem.jdbc.RelayWorker - Relay worker progress workerId:tandem-relay-tandem-host-92227-2b53-w2, processed:30000, ok:30000, ko:0
16:20:16 INFO    com.codingful.tandem.jdbc.RelayWorker - Relay worker progress workerId:tandem-relay-tandem-host-92227-2b53-w1, processed:40000, ok:40000, ko:0
16:21:03 INFO    com.codingful.tandem.jdbc.RelayWorker - Relay worker progress workerId:tandem-relay-tandem-host-92227-2b53-w7, processed:40000, ok:40000, ko:0
16:21:04 INFO    com.codingful.tandem.jdbc.RelayWorker - Relay worker progress workerId:tandem-relay-tandem-host-92227-2b53-w0, processed:40000, ok:40000, ko:0
16:21:12 INFO    com.codingful.tandem.jdbc.RelayWorker - Relay worker progress workerId:tandem-relay-tandem-host-92227-2b53-w6, processed:40000, ok:40000, ko:0
16:21:12 INFO    com.codingful.tandem.jdbc.RelayWorker - Relay worker progress workerId:tandem-relay-tandem-host-92227-2b53-w3, processed:40000, ok:40000, ko:0
16:21:14 INFO    com.codingful.tandem.jdbc.RelayWorker - Relay worker progress workerId:tandem-relay-tandem-host-92227-2b53-w2, processed:40000, ok:40000, ko:0
16:21:30 INFO    com.codingful.tandem.jdbc.RelayWorker - Relay worker progress workerId:tandem-relay-tandem-host-92227-2b53-w5, processed:40000, ok:40000, ko:0
16:21:31 INFO    com.codingful.tandem.jdbc.RelayWorker - Relay worker progress workerId:tandem-relay-tandem-host-92227-2b53-w4, processed:40000, ok:40000, ko:0
16:22:07 INFO    com.codingful.tandem.jdbc.RelayWorker - Relay worker progress workerId:tandem-relay-tandem-host-92227-2b53-w1, processed:50000, ok:50000, ko:0
16:22:54 INFO    com.codingful.tandem.jdbc.RelayWorker - Relay worker progress workerId:tandem-relay-tandem-host-92227-2b53-w7, processed:50000, ok:50000, ko:0
16:23:04 INFO    com.codingful.tandem.jdbc.RelayWorker - Relay worker progress workerId:tandem-relay-tandem-host-92227-2b53-w0, processed:50000, ok:50000, ko:0
16:23:17 INFO    com.codingful.tandem.jdbc.RelayWorker - Relay worker progress workerId:tandem-relay-tandem-host-92227-2b53-w6, processed:50000, ok:50000, ko:0
16:23:19 INFO    com.codingful.tandem.jdbc.RelayWorker - Relay worker progress workerId:tandem-relay-tandem-host-92227-2b53-w2, processed:50000, ok:50000, ko:0
16:23:22 INFO    com.codingful.tandem.jdbc.RelayWorker - Relay worker progress workerId:tandem-relay-tandem-host-92227-2b53-w3, processed:50000, ok:50000, ko:0
16:23:25 INFO    com.codingful.tandem.jdbc.RelayWorker - Relay worker progress workerId:tandem-relay-tandem-host-92227-2b53-w4, processed:50000, ok:50000, ko:0
16:23:27 INFO    com.codingful.tandem.jdbc.RelayWorker - Relay worker progress workerId:tandem-relay-tandem-host-92227-2b53-w5, processed:50000, ok:50000, ko:0
16:23:59 INFO    com.codingful.tandem.jdbc.RelayWorker - Relay worker progress workerId:tandem-relay-tandem-host-92227-2b53-w1, processed:60000, ok:60000, ko:0
16:24:42 INFO    com.codingful.tandem.jdbc.RelayWorker - Relay worker progress workerId:tandem-relay-tandem-host-92227-2b53-w7, processed:60000, ok:60000, ko:0
16:25:01 INFO    com.codingful.tandem.jdbc.RelayWorker - Relay worker progress workerId:tandem-relay-tandem-host-92227-2b53-w0, processed:60000, ok:60000, ko:0
16:25:14 INFO    com.codingful.tandem.jdbc.RelayWorker - Relay worker progress workerId:tandem-relay-tandem-host-92227-2b53-w2, processed:60000, ok:60000, ko:0
16:25:18 INFO    com.codingful.tandem.jdbc.RelayWorker - Relay worker progress workerId:tandem-relay-tandem-host-92227-2b53-w6, processed:60000, ok:60000, ko:0
16:25:22 INFO    com.codingful.tandem.jdbc.RelayWorker - Relay worker progress workerId:tandem-relay-tandem-host-92227-2b53-w4, processed:60000, ok:60000, ko:0
16:25:23 INFO    com.codingful.tandem.jdbc.RelayWorker - Relay worker progress workerId:tandem-relay-tandem-host-92227-2b53-w3, processed:60000, ok:60000, ko:0
16:25:35 INFO    com.codingful.tandem.jdbc.RelayWorker - Relay worker progress workerId:tandem-relay-tandem-host-92227-2b53-w5, processed:60000, ok:60000, ko:0
16:25:50 INFO    com.codingful.tandem.jdbc.RelayWorker - Relay worker progress workerId:tandem-relay-tandem-host-92227-2b53-w1, processed:70000, ok:70000, ko:0
16:26:37 INFO    com.codingful.tandem.jdbc.RelayWorker - Relay worker progress workerId:tandem-relay-tandem-host-92227-2b53-w7, processed:70000, ok:70000, ko:0
16:26:52 INFO    com.codingful.tandem.jdbc.RelayWorker - Relay worker progress workerId:tandem-relay-tandem-host-92227-2b53-w0, processed:70000, ok:70000, ko:0
16:27:09 INFO    com.codingful.tandem.jdbc.RelayWorker - Relay worker progress workerId:tandem-relay-tandem-host-92227-2b53-w2, processed:70000, ok:70000, ko:0
16:27:10 INFO    com.codingful.tandem.jdbc.RelayWorker - Relay worker progress workerId:tandem-relay-tandem-host-92227-2b53-w4, processed:70000, ok:70000, ko:0
16:27:16 INFO    com.codingful.tandem.jdbc.RelayWorker - Relay worker progress workerId:tandem-relay-tandem-host-92227-2b53-w6, processed:70000, ok:70000, ko:0
16:27:23 INFO    com.codingful.tandem.jdbc.RelayWorker - Relay worker progress workerId:tandem-relay-tandem-host-92227-2b53-w3, processed:70000, ok:70000, ko:0
16:27:32 INFO    com.codingful.tandem.jdbc.RelayWorker - Relay worker progress workerId:tandem-relay-tandem-host-92227-2b53-w5, processed:70000, ok:70000, ko:0
16:27:46 INFO    com.codingful.tandem.jdbc.RelayWorker - Relay worker progress workerId:tandem-relay-tandem-host-92227-2b53-w1, processed:80000, ok:80000, ko:0
16:28:36 INFO    com.codingful.tandem.jdbc.RelayWorker - Relay worker progress workerId:tandem-relay-tandem-host-92227-2b53-w7, processed:80000, ok:80000, ko:0
16:28:53 INFO    com.codingful.tandem.jdbc.RelayWorker - Relay worker progress workerId:tandem-relay-tandem-host-92227-2b53-w0, processed:80000, ok:80000, ko:0
16:29:07 INFO    com.codingful.tandem.jdbc.RelayWorker - Relay worker progress workerId:tandem-relay-tandem-host-92227-2b53-w2, processed:80000, ok:80000, ko:0
16:29:11 INFO    com.codingful.tandem.jdbc.RelayWorker - Relay worker progress workerId:tandem-relay-tandem-host-92227-2b53-w6, processed:80000, ok:80000, ko:0
16:29:17 INFO    com.codingful.tandem.jdbc.RelayWorker - Relay worker progress workerId:tandem-relay-tandem-host-92227-2b53-w4, processed:80000, ok:80000, ko:0
16:29:21 INFO    com.codingful.tandem.jdbc.RelayWorker - Relay worker progress workerId:tandem-relay-tandem-host-92227-2b53-w3, processed:80000, ok:80000, ko:0
16:29:21 INFO    com.codingful.tandem.jdbc.RelayWorker - Relay worker progress workerId:tandem-relay-tandem-host-92227-2b53-w5, processed:80000, ok:80000, ko:0
16:29:49 INFO    com.codingful.tandem.jdbc.RelayWorker - Relay worker progress workerId:tandem-relay-tandem-host-92227-2b53-w1, processed:90000, ok:90000, ko:0
16:30:19 INFO    com.codingful.tandem.jdbc.RelayWorker - Relay worker progress workerId:tandem-relay-tandem-host-92227-2b53-w7, processed:90000, ok:90000, ko:0
16:30:40 INFO    com.codingful.tandem.jdbc.RelayWorker - Relay worker progress workerId:tandem-relay-tandem-host-92227-2b53-w0, processed:90000, ok:90000, ko:0
16:30:49 INFO    com.codingful.tandem.jdbc.RelayWorker - Relay worker progress workerId:tandem-relay-tandem-host-92227-2b53-w2, processed:90000, ok:90000, ko:0
16:31:00 INFO    com.codingful.tandem.jdbc.RelayWorker - Relay worker progress workerId:tandem-relay-tandem-host-92227-2b53-w6, processed:90000, ok:90000, ko:0
16:31:00 INFO    com.codingful.tandem.jdbc.RelayWorker - Relay worker progress workerId:tandem-relay-tandem-host-92227-2b53-w4, processed:90000, ok:90000, ko:0
16:31:03 INFO    com.codingful.tandem.jdbc.RelayWorker - Relay worker progress workerId:tandem-relay-tandem-host-92227-2b53-w3, processed:90000, ok:90000, ko:0
16:31:11 INFO    com.codingful.tandem.jdbc.RelayWorker - Relay worker progress workerId:tandem-relay-tandem-host-92227-2b53-w5, processed:90000, ok:90000, ko:0
16:31:25 INFO    com.codingful.tandem.jdbc.WorkerPool - Relay stopped instanceId:tandem-host-92227-2b53
PASS S11: 900s outage -> 359618 rows recovered in 910,1s (395 rows/s); 1800s outage -> 719392 rows DIVERGING (719960 pending and still growing after 61s); ordering violations=0, missing=0
All scenarios passed correctness.
