Tandem load test — scenarios=[S1], smoke=false, demo=false, duration=PT4M, workers=8, pollInterval=PT0.1S, pollFloor=PT0.1S
--- Running S1 ---
11:09:34 INFO    com.codingful.tandem.jdbc.WorkerPool - Starting relay instanceId:tandem-host-31617-5aa8, workers:8, coordination:SINGLE, bucketCount:256, batchSize:100, pollIntervalMs:100, pollIntervalFloorMs:100, pollBackoffFactor:2.0, maxAttempts:10, rowLeaseMs:60000
  ramp 11:10:34  held  rate:100.0/s bracket:[100.0, unbounded] next:200.0/s pending:6
  ramp 11:11:34  held  rate:200.0/s bracket:[200.0, unbounded] next:400.0/s pending:7
  ramp 11:12:35  held  rate:400.0/s bracket:[400.0, unbounded] next:800.0/s pending:24
11:13:22 INFO    com.codingful.tandem.jdbc.RelayWorker - Relay worker progress workerId:tandem-relay-tandem-host-31617-5aa8-w6, processed:10000, ok:10000, ko:0
11:13:22 INFO    com.codingful.tandem.jdbc.RelayWorker - Relay worker progress workerId:tandem-relay-tandem-host-31617-5aa8-w3, processed:10000, ok:10000, ko:0
11:13:22 INFO    com.codingful.tandem.jdbc.RelayWorker - Relay worker progress workerId:tandem-relay-tandem-host-31617-5aa8-w5, processed:10000, ok:10000, ko:0
11:13:23 INFO    com.codingful.tandem.jdbc.RelayWorker - Relay worker progress workerId:tandem-relay-tandem-host-31617-5aa8-w7, processed:10000, ok:10000, ko:0
11:13:23 INFO    com.codingful.tandem.jdbc.RelayWorker - Relay worker progress workerId:tandem-relay-tandem-host-31617-5aa8-w4, processed:10000, ok:10000, ko:0
11:13:23 INFO    com.codingful.tandem.jdbc.RelayWorker - Relay worker progress workerId:tandem-relay-tandem-host-31617-5aa8-w1, processed:10000, ok:10000, ko:0
11:13:23 INFO    com.codingful.tandem.jdbc.RelayWorker - Relay worker progress workerId:tandem-relay-tandem-host-31617-5aa8-w0, processed:10000, ok:10000, ko:0
11:13:24 INFO    com.codingful.tandem.jdbc.RelayWorker - Relay worker progress workerId:tandem-relay-tandem-host-31617-5aa8-w2, processed:10000, ok:10000, ko:0
  ramp 11:13:35  held  rate:800.0/s bracket:[800.0, unbounded] next:1600.0/s pending:56
  ramp 11:13:40  grew  rate:1600.0/s bracket:[800.0, 1600.0] next:1200.0/s pending:234
11:14:34 INFO    com.codingful.tandem.jdbc.RelayWorker - Relay worker progress workerId:tandem-relay-tandem-host-31617-5aa8-w7, processed:20000, ok:20000, ko:0
11:14:34 INFO    com.codingful.tandem.jdbc.RelayWorker - Relay worker progress workerId:tandem-relay-tandem-host-31617-5aa8-w4, processed:20000, ok:20000, ko:0
11:14:34 INFO    com.codingful.tandem.jdbc.RelayWorker - Relay worker progress workerId:tandem-relay-tandem-host-31617-5aa8-w3, processed:20000, ok:20000, ko:0
11:14:34 INFO    com.codingful.tandem.jdbc.RelayWorker - Relay worker progress workerId:tandem-relay-tandem-host-31617-5aa8-w6, processed:20000, ok:20000, ko:0
11:14:35 INFO    com.codingful.tandem.jdbc.RelayWorker - Relay worker progress workerId:tandem-relay-tandem-host-31617-5aa8-w5, processed:20000, ok:20000, ko:0
11:14:35 INFO    com.codingful.tandem.jdbc.RelayWorker - Relay worker progress workerId:tandem-relay-tandem-host-31617-5aa8-w0, processed:20000, ok:20000, ko:0
11:14:36 INFO    com.codingful.tandem.jdbc.RelayWorker - Relay worker progress workerId:tandem-relay-tandem-host-31617-5aa8-w2, processed:20000, ok:20000, ko:0
11:14:36 INFO    com.codingful.tandem.jdbc.RelayWorker - Relay worker progress workerId:tandem-relay-tandem-host-31617-5aa8-w1, processed:20000, ok:20000, ko:0
  ramp 11:14:40  held  rate:1200.0/s bracket:[1200.0, 1600.0] next:1400.0/s pending:50
  ramp 11:14:55  grew  rate:1400.0/s bracket:[1200.0, 1400.0] next:1300.0/s pending:162
11:15:35 INFO    com.codingful.tandem.jdbc.RelayWorker - Relay worker progress workerId:tandem-relay-tandem-host-31617-5aa8-w7, processed:30000, ok:30000, ko:0
11:15:37 INFO    com.codingful.tandem.jdbc.RelayWorker - Relay worker progress workerId:tandem-relay-tandem-host-31617-5aa8-w4, processed:30000, ok:30000, ko:0
11:15:38 INFO    com.codingful.tandem.jdbc.RelayWorker - Relay worker progress workerId:tandem-relay-tandem-host-31617-5aa8-w3, processed:30000, ok:30000, ko:0
11:15:39 INFO    com.codingful.tandem.jdbc.RelayWorker - Relay worker progress workerId:tandem-relay-tandem-host-31617-5aa8-w2, processed:30000, ok:30000, ko:0
11:15:39 INFO    com.codingful.tandem.jdbc.RelayWorker - Relay worker progress workerId:tandem-relay-tandem-host-31617-5aa8-w6, processed:30000, ok:30000, ko:0
11:15:39 INFO    com.codingful.tandem.jdbc.RelayWorker - Relay worker progress workerId:tandem-relay-tandem-host-31617-5aa8-w1, processed:30000, ok:30000, ko:0
11:15:40 INFO    com.codingful.tandem.jdbc.RelayWorker - Relay worker progress workerId:tandem-relay-tandem-host-31617-5aa8-w0, processed:30000, ok:30000, ko:0
11:15:40 INFO    com.codingful.tandem.jdbc.RelayWorker - Relay worker progress workerId:tandem-relay-tandem-host-31617-5aa8-w5, processed:30000, ok:30000, ko:0
  ramp 11:15:55  held  rate:1300.0/s bracket:[1300.0, 1400.0] next:1350.0/s pending:123
11:16:36 INFO    com.codingful.tandem.jdbc.RelayWorker - Relay worker progress workerId:tandem-relay-tandem-host-31617-5aa8-w7, processed:40000, ok:40000, ko:0
11:16:38 INFO    com.codingful.tandem.jdbc.RelayWorker - Relay worker progress workerId:tandem-relay-tandem-host-31617-5aa8-w4, processed:40000, ok:40000, ko:0
11:16:41 INFO    com.codingful.tandem.jdbc.RelayWorker - Relay worker progress workerId:tandem-relay-tandem-host-31617-5aa8-w3, processed:40000, ok:40000, ko:0
11:16:41 INFO    com.codingful.tandem.jdbc.RelayWorker - Relay worker progress workerId:tandem-relay-tandem-host-31617-5aa8-w6, processed:40000, ok:40000, ko:0
11:16:42 INFO    com.codingful.tandem.jdbc.RelayWorker - Relay worker progress workerId:tandem-relay-tandem-host-31617-5aa8-w5, processed:40000, ok:40000, ko:0
11:16:42 INFO    com.codingful.tandem.jdbc.RelayWorker - Relay worker progress workerId:tandem-relay-tandem-host-31617-5aa8-w1, processed:40000, ok:40000, ko:0
11:16:43 INFO    com.codingful.tandem.jdbc.RelayWorker - Relay worker progress workerId:tandem-relay-tandem-host-31617-5aa8-w0, processed:40000, ok:40000, ko:0
11:16:43 INFO    com.codingful.tandem.jdbc.RelayWorker - Relay worker progress workerId:tandem-relay-tandem-host-31617-5aa8-w2, processed:40000, ok:40000, ko:0
  ramp 11:16:55  held  rate:1350.0/s bracket:[1350.0, 1400.0] next:1375.0/s pending:114
11:16:57 INFO    com.codingful.tandem.jdbc.WorkerPool - Relay stopped instanceId:tandem-host-31617-5aa8
PASS S1: sustained 1350.0 events/s aggregate (168.8/s per worker); ceiling bracketed below 1400.0/s, so known to within 4%; ordering violations=0, missing=0
All scenarios passed correctness.
BUILD SUCCESSFUL in 7m 39s
