Tandem load test — scenarios=[S9], smoke=false, demo=false, duration=PT6M, workers=8, pollInterval=PT0.1S, pollFloor=PT0.01S, wakeup=PG_NOTIFY
--- Running S9 ---
10:55:50 INFO    com.codingful.tandem.jdbc.WorkerPool - Starting relay instanceId:s9-instance-1, workers:8, coordination:LEASE, bucketCount:256, batchSize:100, pollIntervalMs:100, pollIntervalFloorMs:10, pollBackoffFactor:2.0, wakeup:PgNotifyWakeup, maxAttempts:10, rowLeaseMs:60000
10:55:50 INFO    com.codingful.tandem.jdbc.PgNotifyWakeup - Listening for relay wakeups channel:tandem_wakeup
10:55:50 INFO    com.codingful.tandem.jdbc.WorkerPool - Starting relay instanceId:s9-instance-2, workers:8, coordination:LEASE, bucketCount:256, batchSize:100, pollIntervalMs:100, pollIntervalFloorMs:10, pollBackoffFactor:2.0, wakeup:PgNotifyWakeup, maxAttempts:10, rowLeaseMs:60000
10:55:50 INFO    com.codingful.tandem.jdbc.PgNotifyWakeup - Listening for relay wakeups channel:tandem_wakeup
10:55:50 INFO    com.codingful.tandem.jdbc.BucketLeaseManager - Relay claimed buckets owner:s9-instance-1, count:256
10:55:52 INFO    com.codingful.tandem.jdbc.BucketLeaseManager - Relay released excess buckets owner:s9-instance-1, count:128
10:55:54 INFO    com.codingful.tandem.jdbc.BucketLeaseManager - Relay claimed buckets owner:s9-instance-2, count:128
S9: holding 400.0 events/s (rate given explicitly) for PT6M in 2 windows of PT3M; retention=PT10M, cleanup every PT30S in batches of 20000
S9 window  1 @10:59:21: 399.2/s delivered (399.2/s written), p50=13ms p99=65ms, pending=6 oldest=0s, buckets [128, 128] covered=256/256, outbox 143MB (11MB idx, 83852 rows, 7335 dead), heap=38MB threads=51 load=13.72
11:02:12 INFO    com.codingful.tandem.jdbc.RelayWorker - Relay worker progress workerId:tandem-relay-s9-instance-1-w7, processed:10000, ok:10000, ko:0
11:02:19 INFO    com.codingful.tandem.jdbc.RelayWorker - Relay worker progress workerId:tandem-relay-s9-instance-2-w2, processed:10000, ok:10000, ko:0
11:02:19 INFO    com.codingful.tandem.jdbc.RelayWorker - Relay worker progress workerId:tandem-relay-s9-instance-2-w5, processed:10000, ok:10000, ko:0
11:02:20 INFO    com.codingful.tandem.jdbc.RelayWorker - Relay worker progress workerId:tandem-relay-s9-instance-2-w4, processed:10000, ok:10000, ko:0
11:02:20 INFO    com.codingful.tandem.jdbc.RelayWorker - Relay worker progress workerId:tandem-relay-s9-instance-1-w3, processed:10000, ok:10000, ko:0
S9 window  2 @11:02:21: 400.1/s delivered (400.1/s written), p50=12ms p99=36ms, pending=10 oldest=0s, buckets [128, 128] covered=256/256, outbox 244MB (18MB idx, 155870 rows, 7009 dead), heap=45MB threads=52 load=14.88
11:02:22 INFO    com.codingful.tandem.jdbc.BucketLeaseManager - Relay released all owned buckets owner:s9-instance-1, count:128
11:02:22 INFO    com.codingful.tandem.jdbc.WorkerPool - Relay stopped instanceId:s9-instance-1
11:02:23 INFO    com.codingful.tandem.jdbc.BucketLeaseManager - Relay released all owned buckets owner:s9-instance-2, count:128
11:02:23 INFO    com.codingful.tandem.jdbc.WorkerPool - Relay stopped instanceId:s9-instance-2
PASS S9: held 400.0 events/s (rate given explicitly) for PT6M in 2 windows; throughput 399.2/s → 400.1/s (+0.2%), p50 13ms → 12ms, p99 65ms → 36ms; outbox 143MB → 244MB, heap 38MB → 45MB; bucket coverage held=true; ordering violations=0, lost=0, duplicates=0
All scenarios passed correctness.
