Tandem load test — scenarios=[S9], smoke=false, demo=false, duration=PT6M, workers=8, pollInterval=PT0.1S, pollFloor=PT0.01S, wakeup=PG_NOTIFY
--- Running S9 ---
11:04:01 INFO    com.codingful.tandem.jdbc.WorkerPool - Starting relay instanceId:s9-instance-1, workers:8, coordination:LEASE, bucketCount:256, batchSize:100, pollIntervalMs:100, pollIntervalFloorMs:10, pollBackoffFactor:2.0, wakeup:PgNotifyWakeup, maxAttempts:10, rowLeaseMs:60000
11:04:01 INFO    com.codingful.tandem.jdbc.PgNotifyWakeup - Listening for relay wakeups channel:tandem_wakeup
11:04:01 INFO    com.codingful.tandem.jdbc.WorkerPool - Starting relay instanceId:s9-instance-2, workers:8, coordination:LEASE, bucketCount:256, batchSize:100, pollIntervalMs:100, pollIntervalFloorMs:10, pollBackoffFactor:2.0, wakeup:PgNotifyWakeup, maxAttempts:10, rowLeaseMs:60000
11:04:01 INFO    com.codingful.tandem.jdbc.PgNotifyWakeup - Listening for relay wakeups channel:tandem_wakeup
11:04:01 INFO    com.codingful.tandem.jdbc.BucketLeaseManager - Relay claimed buckets owner:s9-instance-1, count:256
11:04:03 INFO    com.codingful.tandem.jdbc.BucketLeaseManager - Relay released excess buckets owner:s9-instance-1, count:128
11:04:05 INFO    com.codingful.tandem.jdbc.BucketLeaseManager - Relay claimed buckets owner:s9-instance-2, count:128
S9: holding 400.0 events/s (rate given explicitly) for PT6M in 2 windows of PT3M; retention=PT10M, cleanup every PT30S in batches of 20000
S9 window  1 @11:07:31: 399.7/s delivered (399.7/s written), p50=12ms p99=40ms, pending=6 oldest=0s, buckets [128, 128] covered=256/256, outbox 144MB (11MB idx, 83953 rows, 6820 dead), heap=63MB threads=51 load=14.10
11:10:15 INFO    com.codingful.tandem.jdbc.RelayWorker - Relay worker progress workerId:tandem-relay-s9-instance-1-w7, processed:10000, ok:10000, ko:0
11:10:24 INFO    com.codingful.tandem.jdbc.RelayWorker - Relay worker progress workerId:tandem-relay-s9-instance-2-w5, processed:10000, ok:10000, ko:0
11:10:30 INFO    com.codingful.tandem.jdbc.RelayWorker - Relay worker progress workerId:tandem-relay-s9-instance-1-w3, processed:10000, ok:10000, ko:0
11:10:31 INFO    com.codingful.tandem.jdbc.RelayWorker - Relay worker progress workerId:tandem-relay-s9-instance-1-w0, processed:10000, ok:10000, ko:0
S9 window  2 @11:10:31: 399.6/s delivered (399.6/s written), p50=15ms p99=50ms, pending=5 oldest=0s, buckets [128, 128] covered=256/256, outbox 248MB (18MB idx, 155884 rows, 5687 dead), heap=33MB threads=51 load=14.90
11:10:32 INFO    com.codingful.tandem.jdbc.BucketLeaseManager - Relay released all owned buckets owner:s9-instance-1, count:128
11:10:32 INFO    com.codingful.tandem.jdbc.WorkerPool - Relay stopped instanceId:s9-instance-1
11:10:33 INFO    com.codingful.tandem.jdbc.BucketLeaseManager - Relay released all owned buckets owner:s9-instance-2, count:128
11:10:33 INFO    com.codingful.tandem.jdbc.WorkerPool - Relay stopped instanceId:s9-instance-2
PASS S9: held 400.0 events/s (rate given explicitly) for PT6M in 2 windows; throughput 399.7/s → 399.6/s (-0.0%), p50 12ms → 15ms, p99 40ms → 50ms; outbox 144MB → 248MB, heap 63MB → 33MB; bucket coverage held=true; ordering violations=0, lost=0, duplicates=0
All scenarios passed correctness.
